Math1 Math1  <Math1.pfa <Math1.enc
Math1-Bold Math1-Bold  <Math1-Bold.pfa <Math1.enc
Math1Mono Math1Mono  <Math1Mono.pfa <Math1.enc
Math1Mono-Bold Math1Mono-Bold  <Math1Mono-Bold.pfa <Math1.enc
Math2 Math2  <Math2.pfa <Math2.enc
Math2-Bold Math2-Bold  <Math2-Bold.pfa <Math2.enc
Math2Mono Math2Mono  <Math2Mono.pfa <Math2.enc
Math2Mono-Bold Math2Mono-Bold  <Math2Mono-Bold.pfa <Math2.enc
Math3 Math3  <Math3.pfa <Math3.enc
Math3-Bold Math3-Bold  <Math3-Bold.pfa <Math3.enc
Math3Mono Math3Mono  <Math3Mono.pfa <Math3.enc
Math3Mono-Bold Math3Mono-Bold  <Math3Mono-Bold.pfa <Math3.enc
Math4 Math4  <Math4.pfa <Math4.enc
Math4-Bold Math4-Bold  <Math4-Bold.pfa <Math4.enc
Math4Mono Math4Mono  <Math4Mono.pfa <Math4.enc
Math4Mono-Bold Math4Mono-Bold  <Math4Mono-Bold.pfa <Math4.enc
Math5 Math5  <Math5.pfa <Math5.enc
Math5-Bold Math5-Bold  <Math5-Bold.pfa <Math5.enc
Math5Mono Math5Mono  <Math5Mono.pfa <Math5.enc
Math5Mono-Bold Math5Mono-Bold  <Math5Mono-Bold.pfa <Math5.enc
#---------------------------------------------------------------
Mathematica1 Mathematica1 <Mathematica1.pfa 
Mathematica2 Mathematica2 <Mathematica2.pfa 
Mathematica3 Mathematica3 <Mathematica3.pfa 
Mathematica4 Mathematica4 <Mathematica4.pfa 
Mathematica5 Mathematica5 <Mathematica5.pfa 
Mathematica6 Mathematica6 <Mathematica6.pfa 
Mathematica7 Mathematica7 <Mathematica7.pfa 
Mathematica1-Bold Mathematica1-Bold <Mathematica1-Bold.pfa  
Mathematica2-Bold Mathematica2-Bold <Mathematica2-Bold.pfa  
Mathematica3-Bold Mathematica3-Bold <Mathematica3-Bold.pfa  
Mathematica4-Bold Mathematica4-Bold <Mathematica4-Bold.pfa  
Mathematica5-Bold Mathematica5-Bold <Mathematica5-Bold.pfa  
Mathematica6-Bold Mathematica6-Bold <Mathematica6-Bold.pfa  
Mathematica7-Bold Mathematica7-Bold <Mathematica7-Bold.pfa  
Mathematica1Mono Mathematica1Mono <Mathematica1Mono.pfa	 
Mathematica2Mono Mathematica2Mono <Mathematica2Mono.pfa	 
Mathematica3Mono Mathematica3Mono <Mathematica3Mono.pfa	 
Mathematica4Mono Mathematica4Mono <Mathematica4Mono.pfa	 
Mathematica5Mono Mathematica5Mono <Mathematica5Mono.pfa	 
Mathematica6Mono Mathematica6Mono <Mathematica6Mono.pfa	 
Mathematica7Mono Mathematica7Mono <Mathematica7Mono.pfa	 
Mathematica1Mono-Bold Mathematica1Mono-Bold <Mathematica1Mono-Bold.pfa	
Mathematica2Mono-Bold Mathematica2Mono-Bold <Mathematica2Mono-Bold.pfa	
Mathematica3Mono-Bold Mathematica3Mono-Bold <Mathematica3Mono-Bold.pfa	
Mathematica4Mono-Bold Mathematica4Mono-Bold <Mathematica4Mono-Bold.pfa	
Mathematica5Mono-Bold Mathematica5Mono-Bold <Mathematica5Mono-Bold.pfa	
Mathematica6Mono-Bold Mathematica6Mono-Bold <Mathematica6Mono-Bold.pfa	
Mathematica7Mono-Bold Mathematica7Mono-Bold <Mathematica7Mono-Bold.pfa	
Mathematica1CMTT Mathematica1CMTT <Mathematica1CMTT.pfa	  
Mathematica2CMTT Mathematica2CMTT <Mathematica2CMTT.pfa	  
Mathematica3CMTT Mathematica3CMTT <Mathematica3CMTT.pfa	  
Mathematica4CMTT Mathematica4CMTT <Mathematica4CMTT.pfa	  
Mathematica5CMTT Mathematica5CMTT <Mathematica5CMTT.pfa	  
Mathematica6CMTT Mathematica6CMTT <Mathematica6CMTT.pfa	  
Mathematica7CMTT Mathematica7CMTT <Mathematica7CMTT.pfa	  
Mathematica1CMTT-Bold Mathematica1CMTT-Bold <Mathematica1CMTT-Bold.pfa	
Mathematica2CMTT-Bold Mathematica2CMTT-Bold <Mathematica2CMTT-Bold.pfa	
Mathematica3CMTT-Bold Mathematica3CMTT-Bold <Mathematica3CMTT-Bold.pfa	
Mathematica4CMTT-Bold Mathematica4CMTT-Bold <Mathematica4CMTT-Bold.pfa	
Mathematica5CMTT-Bold Mathematica5CMTT-Bold <Mathematica5CMTT-Bold.pfa	
Mathematica6CMTT-Bold Mathematica6CMTT-Bold <Mathematica6CMTT-Bold.pfa	
Mathematica7CMTT-Bold Mathematica7CMTT-Bold <Mathematica7CMTT-Bold.pfa	
